Generated two H-shaped rail point clouds with 100000 points each.
Canvas: 10000 x 10000 coordinate units
Applied random non-rigid source deformation: amplitude=60 units, rms=56.8088 units
Synthetic target->source transform: theta=18.00000 deg, tx=2409.80239, ty=-1730.36755
Collimating source cloud onto target cloud...
initial_transform theta_deg=0.00000 t=(0.00000, 0.00000) mse=155759.72305
initial_profile_metrics: centroid_target=(4860.49523, 5000.24865) centroid_source=(5453.57319, 4524.80851) centroid_distance=760.12157 rmse_s2t=485.73851 rmse_t2s=395.28354 chamfer_rmse=442.82670 median=153.04430 p95=966.32479 max=14142.13562 coverage=80.28750%
iter= 1 matches=81634 match_rmse=159.40155279 profile_score=0.04230635 score_variation=5.46016155% transform_step=0.61077361% delta_theta_deg=-0.29549858 delta_t=(-39.08232125, 31.03828336)
  profile_metrics: centroid_target=(4860.49522574, 5000.24865258) centroid_source=(5437.75458804, 4527.66035727) centroid_distance=746.03489746 rmse_s2t=435.30347510 rmse_t2s=386.85709674 chamfer_rmse=411.79335153 median=151.40546059 p95=943.46114852 max=14142.13562373 coverage=80.47500000%
iter= 2 matches=81825 match_rmse=158.43828336 profile_score=0.04151010 score_variation=1.88208926% transform_step=0.60024181% delta_theta_deg=-0.29217647 delta_t=(-38.55395729, 29.96358215)
  profile_metrics: centroid_target=(4860.49522574, 5000.24865258) centroid_source=(5422.21836731, 4529.83567915) centroid_distance=732.68086733 rmse_s2t=427.66624628 rmse_t2s=378.58368074 chamfer_rmse=403.87127995 median=149.71144859 p95=921.76265277 max=14142.13562373 coverage=80.69000000%
iter= 3 matches=82026 match_rmse=157.60665334 profile_score=0.03984063 score_variation=4.02185276% transform_step=0.58607071% delta_theta_deg=-0.28580868 delta_t=(-37.83761569, 28.89730839)
  profile_metrics: centroid_target=(4860.49522574, 5000.24865258) centroid_source=(5406.90938786, 4531.62907590) centroid_distance=719.84216619 rmse_s2t=396.05972004 rmse_t2s=370.45476123 chamfer_rmse=383.47101061 median=148.30802937 p95=901.84311765 max=14142.13562373 coverage=80.99000000%
iter= 4 matches=82211 match_rmse=156.81465983 profile_score=0.03816445 score_variation=4.20720116% transform_step=0.54050820% delta_theta_deg=-0.26291474 delta_t=(-35.00337980, 26.64726633)
  profile_metrics: centroid_target=(4860.49522574, 5000.24865258) centroid_source=(5392.64342276, 4533.41788361) centroid_distance=707.89312078 rmse_s2t=362.60902598 rmse_t2s=362.89806280 chamfer_rmse=362.75357318 median=147.38422920 p95=882.71093954 max=1473.70715058 coverage=81.45500000%
iter= 5 matches=82419 match_rmse=156.40957150 profile_score=0.03746346 score_variation=1.83675561% transform_step=0.51411168% delta_theta_deg=-0.25039010 delta_t=(-32.97702973, 25.69363625)
  profile_metrics: centroid_target=(4860.49522574, 5000.24865258) centroid_source=(5379.42646866, 4535.50174338) centroid_distance=696.61992829 rmse_s2t=355.52443001 rmse_t2s=355.79233562 chamfer_rmse=355.65840804 median=146.30030569 p95=865.71093790 max=1447.52810757 coverage=81.94250000%
iter= 6 matches=82739 match_rmse=156.77663834 profile_score=0.03674246 score_variation=1.92454134% transform_step=0.53923973% delta_theta_deg=-0.26401229 delta_t=(-34.43597838, 26.86772774)
  profile_metrics: centroid_target=(4860.49522574, 5000.24865258) centroid_source=(5365.83237178, 4537.53363669) centroid_distance=685.17940505 rmse_s2t=348.25165374 rmse_t2s=348.39245433 chamfer_rmse=348.32206115 median=145.14836719 p95=848.75952233 max=1420.23827136 coverage=82.50750000%
iter= 7 matches=83176 match_rmse=157.65906415 profile_score=0.03597689 score_variation=2.08362430% transform_step=0.59520203% delta_theta_deg=-0.29503096 delta_t=(-37.79035956, 29.21028380)
  profile_metrics: centroid_target=(4860.49522574, 5000.24865258) centroid_source=(5351.33571964, 4539.05381198) centroid_distance=673.51694222 rmse_s2t=340.50031091 rmse_t2s=340.32129073 chamfer_rmse=340.41081259 median=144.57827875 p95=830.68694851 max=1390.35386529 coverage=83.07250000%
iter= 8 matches=83789 match_rmse=159.20835777 profile_score=0.03512699 score_variation=2.36235574% transform_step=0.68391345% delta_theta_deg=-0.34230059 delta_t=(-43.22444841, 33.15456623)
  profile_metrics: centroid_target=(4860.49522574, 5000.24865258) centroid_source=(5335.13315385, 4540.15722815) centroid_distance=661.03349510 rmse_s2t=331.90276771 rmse_t2s=331.12125868 chamfer_rmse=331.51224348 median=143.29222118 p95=810.55682890 max=1356.24746773 coverage=83.56000000%
iter= 9 matches=84406 match_rmse=160.24962913 profile_score=0.03423838 score_variation=2.52970749% transform_step=0.73223601% delta_theta_deg=-0.36825484 delta_t=(-46.16227698, 35.28990458)
  profile_metrics: centroid_target=(4860.49522574, 5000.24865258) centroid_source=(5318.04124810, 4541.06330845) centroid_distance=648.22800220 rmse_s2t=322.95505569 rmse_t2s=321.33645758 chamfer_rmse=322.14677320 median=141.75584642 p95=789.11018574 max=1319.90481140 coverage=83.93750000%
iter=10 matches=84859 match_rmse=160.12200382 profile_score=0.03335306 score_variation=2.58573391% transform_step=0.74941934% delta_theta_deg=-0.37898812 delta_t=(-46.90990979, 36.13147637)
  profile_metrics: centroid_target=(4860.49522574, 5000.24865258) centroid_source=(5301.05205412, 4541.91903466) centroid_distance=635.73292953 rmse_s2t=314.06244117 rmse_t2s=311.43267107 chamfer_rmse=312.75032019 median=139.11796549 p95=766.65959808 max=1283.14978603 coverage=84.29500000%
iter=11 matches=85171 match_rmse=159.16414218 profile_score=0.03248728 score_variation=2.59582727% transform_step=0.75488621% delta_theta_deg=-0.38406976 delta_t=(-46.94467080, 36.32534875)
  profile_metrics: centroid_target=(4860.49522574, 5000.24865258) centroid_source=(5284.43382064, 4542.60816044) centroid_distance=623.82589902 rmse_s2t=305.34101913 rmse_t2s=301.61351013 chamfer_rmse=303.48298754 median=136.69691335 p95=743.25111756 max=1246.55861692 coverage=84.82750000%
iter=12 matches=85466 match_rmse=158.17934531 profile_score=0.03167167 score_variation=2.51054609% transform_step=0.73444868% delta_theta_deg=-0.37533552 delta_t=(-45.11761075, 35.71920386)
  profile_metrics: centroid_target=(4860.49522574, 5000.24865258) centroid_source=(5268.96051310, 4543.61265841) centroid_distance=612.66656686 rmse_s2t=297.16111364 rmse_t2s=292.29556810 chamfer_rmse=294.73838111 median=134.63371529 p95=719.46935458 max=1211.66345100 coverage=85.58000000%
iter=13 matches=85855 match_rmse=157.96011777 profile_score=0.03090801 score_variation=2.41116245% transform_step=0.71970595% delta_theta_deg=-0.37066629 delta_t=(-43.74710340, 35.01844287)
  profile_metrics: centroid_target=(4860.49522574, 5000.24865258) centroid_source=(5254.49715352, 4544.44952365) centroid_distance=602.48681731 rmse_s2t=289.50197954 rmse_t2s=283.43308001 chamfer_rmse=286.48360076 median=132.44154328 p95=695.93467416 max=1178.10203789 coverage=86.27500000%
iter=14 matches=86506 match_rmse=159.21976273 profile_score=0.03011330 score_variation=2.57122056% transform_step=0.77418989% delta_theta_deg=-0.40052701 delta_t=(-47.23310726, 37.09213134)
  profile_metrics: centroid_target=(4860.49522574, 5000.24865258) centroid_source=(5238.90344444, 4544.69927550) centroid_distance=592.21450078 rmse_s2t=281.50037946 rmse_t2s=274.07548527 chamfer_rmse=277.81273843 median=130.31761491 p95=669.70818643 max=1141.98163654 coverage=86.89750000%
iter=15 matches=87238 match_rmse=160.37615536 profile_score=0.02925443 score_variation=2.85211148% transform_step=0.87035491% delta_theta_deg=-0.45240156 delta_t=(-53.76719590, 40.40094446)
  profile_metrics: centroid_target=(4860.49522574, 5000.24865258) centroid_source=(5220.85704283, 4543.59313946) centroid_distance=581.71719665 rmse_s2t=272.72280305 rmse_t2s=263.78450743 chamfer_rmse=268.29088100 median=127.93235897 p95=638.30246935 max=1100.95640249 coverage=87.56500000%
iter=16 matches=87953 match_rmse=160.57095515 profile_score=0.02835270 score_variation=3.08239993% transform_step=0.94790351% delta_theta_deg=-0.49285626 delta_t=(-59.28309400, 42.98791636)
  profile_metrics: centroid_target=(4860.49522574, 5000.24865258) centroid_source=(5200.46413941, 4541.50388490) centroid_distance=570.98653586 rmse_s2t=263.42304967 rmse_t2s=252.91204684 chamfer_rmse=258.22103568 median=125.74979218 p95=604.25318787 max=1055.89950351 coverage=88.31250000%
iter=17 matches=88475 match_rmse=159.07791915 profile_score=0.02752342 score_variation=2.92484225% transform_step=0.91590401% delta_theta_deg=-0.47670981 delta_t=(-57.88958311, 40.57980840)
  profile_metrics: centroid_target=(4860.49522574, 5000.24865258) centroid_source=(5180.18014023, 4538.65832877) centroid_distance=561.48381240 rmse_s2t=254.81461917 rmse_t2s=242.77790819 chamfer_rmse=248.86904473 median=123.20624282 p95=570.72765193 max=1027.22216163 coverage=89.45250000%
iter=18 matches=89279 match_rmse=159.22252601 profile_score=0.02675598 score_variation=2.78834214% transform_step=0.92667427% delta_theta_deg=-0.48678400 delta_t=(-58.43668981, 40.28306576)
  profile_metrics: centroid_target=(4860.49522574, 5000.24865258) centroid_source=(5160.11639710, 4534.76739543) centroid_distance=553.57533100 rmse_s2t=246.73750648 rmse_t2s=233.05302467 chamfer_rmse=239.99282220 median=120.41211768 p95=538.22390748 max=1027.61196165 coverage=90.49000000%
iter=19 matches=90366 match_rmse=160.35681391 profile_score=0.02597491 score_variation=2.91923287% transform_step=1.04201554% delta_theta_deg=-0.55359657 delta_t=(-64.99386007, 44.98263197)
  profile_metrics: centroid_target=(4860.49522574, 5000.24865258) centroid_source=(5138.69629167, 4529.68165943) centroid_distance=546.65265767 rmse_s2t=238.40494442 rmse_t2s=222.68206748 chamfer_rmse=230.67750292 median=118.41289665 p95=504.53022249 max=1025.19859653 coverage=91.33000000%
iter=20 matches=91093 match_rmse=158.65205233 profile_score=0.02524599 score_variation=2.80624626% transform_step=1.09393861% delta_theta_deg=-0.59204504 delta_t=(-67.20114391, 46.35831107)
  profile_metrics: centroid_target=(4860.49522574, 5000.24865258) centroid_source=(5118.02579170, 4522.70024842) centroid_distance=542.56287260 rmse_s2t=229.99985789 rmse_t2s=212.43452480 chamfer_rmse=221.39146546 median=115.83044285 p95=471.59370518 max=1024.56709589 coverage=92.67750000%
iter=21 matches=92140 match_rmse=158.21021501 profile_score=0.02462067 score_variation=2.47689855% transform_step=1.13227268% delta_theta_deg=-0.62487427 delta_t=(-68.20881101, 47.30923293)
  profile_metrics: centroid_target=(4860.49522574, 5000.24865258) centroid_source=(5098.83671029, 4513.92384833) centroid_distance=541.58884635 rmse_s2t=222.49736807 rmse_t2s=202.62154700 chamfer_rmse=212.79164705 median=111.08631323 p95=444.11837642 max=1017.22201563 coverage=94.21500000%
iter=22 matches=93381 match_rmse=158.06643289 profile_score=0.02407415 score_variation=2.21974878% transform_step=1.22933281% delta_theta_deg=-0.68882075 delta_t=(-72.59898785, 51.21208246)
  profile_metrics: centroid_target=(4860.49522574, 5000.24865258) centroid_source=(5080.13519475, 4503.51202183) centroid_distance=543.12889475 rmse_s2t=215.79966752 rmse_t2s=192.91562708 chamfer_rmse=204.67771700 median=106.18027834 p95=423.36261988 max=1013.94530987 coverage=94.93750000%
iter=23 matches=93846 match_rmse=152.92353040 profile_score=0.02362623 score_variation=1.86060674% transform_step=1.23539316% delta_theta_deg=-0.70169623 delta_t=(-71.66986711, 51.25620402)
  profile_metrics: centroid_target=(4860.49522574, 5000.24865258) centroid_source=(5063.23708122, 4492.21609571) centroid_distance=546.99299704 rmse_s2t=210.17727449 rmse_t2s=183.68704219 chamfer_rmse=197.37707083 median=99.88517718 p95=409.99739313 max=1012.44933376 coverage=95.27000000%
iter=24 matches=93936 match_rmse=145.84135160 profile_score=0.02324650 score_variation=1.60721045% transform_step=1.14075199% delta_theta_deg=-0.65463311 delta_t=(-64.93787782, 47.63558714)
  profile_metrics: centroid_target=(4860.49522574, 5000.24865258) centroid_source=(5049.29343695, 4481.70970133) centroid_distance=551.84002077 rmse_s2t=205.10947884 rmse_t2s=175.31609169 chamfer_rmse=190.79521785 median=93.22195798 p95=403.12906624 max=1003.29598404 coverage=95.37000000%
iter=25 matches=93930 match_rmse=139.19794949 profile_score=0.02285344 score_variation=1.69083650% transform_step=1.07036778% delta_theta_deg=-0.61425294 delta_t=(-60.56332074, 45.19154444)
  profile_metrics: centroid_target=(4860.49522574, 5000.24865258) centroid_source=(5036.48625837, 4472.51259081) centroid_distance=556.30764372 rmse_s2t=199.18444704 rmse_t2s=167.70691512 chamfer_rmse=184.11959880 median=86.81271154 p95=398.98001762 max=964.35749762 coverage=95.41000000%
iter=26 matches=93940 match_rmse=133.31512103 profile_score=0.02245646 score_variation=1.73706660% transform_step=0.96942160% delta_theta_deg=-0.55465750 delta_t=(-54.99957173, 41.07490225)
  profile_metrics: centroid_target=(4860.49522574, 5000.24865258) centroid_source=(5024.54662126, 4464.62248072) centroid_distance=560.18591231 rmse_s2t=192.75029843 rmse_t2s=160.88912047 chamfer_rmse=177.53589304 median=80.75731636 p95=396.59109021 max=929.82390397 coverage=95.44500000%
iter=27 matches=93952 match_rmse=128.41968524 profile_score=0.02210258 score_variation=1.57586955% transform_step=0.86288980% delta_theta_deg=-0.49567865 delta_t=(-49.10422027, 35.95037125)
  profile_metrics: centroid_target=(4860.49522574, 5000.24865258) centroid_source=(5013.87834394, 4456.93784002) centroid_distance=564.54673854 rmse_s2t=186.42679670 rmse_t2s=155.01317431 chamfer_rmse=171.44100259 median=74.07903780 p95=396.49943071 max=900.48935185 coverage=95.42500000%
iter=28 matches=93941 match_rmse=123.83918134 profile_score=0.02175449 score_variation=1.57487351% transform_step=0.87302387% delta_theta_deg=-0.50243911 delta_t=(-50.34773701, 35.24210377)
  profile_metrics: centroid_target=(4860.49522574, 5000.24865258) centroid_source=(5002.42117983, 4448.04135489) centroid_distance=570.15425638 rmse_s2t=179.33227538 rmse_t2s=149.55533851 chamfer_rmse=165.11641994 median=67.84138765 p95=393.95184763 max=872.35213822 coverage=95.49000000%
iter=29 matches=94062 match_rmse=119.40536577 profile_score=0.02138406 score_variation=1.70277152% transform_step=0.95770140% delta_theta_deg=-0.55101975 delta_t=(-55.71319500, 37.99580662)
  profile_metrics: centroid_target=(4860.49522574, 5000.24865258) centroid_source=(4989.25329095, 4437.72337896) centroid_distance=577.07306541 rmse_s2t=170.93961831 rmse_t2s=144.22642714 chamfer_rmse=158.14805625 median=61.17476563 p95=379.30046282 max=843.16160347 coverage=95.80750000%
iter=30 matches=94642 match_rmse=116.60229750 profile_score=0.02088702 score_variation=2.32434257% transform_step=1.15767901% delta_theta_deg=-0.65619385 delta_t=(-68.23201084, 46.79607009)
  profile_metrics: centroid_target=(4860.49522574, 5000.24865258) centroid_source=(4971.51707021, 4427.08902713) centroid_distance=583.81316035 rmse_s2t=159.94908738 rmse_t2s=138.12036502 chamfer_rmse=149.43384119 median=53.19790320 p95=355.29771597 max=808.37526270 coverage=96.16250000%
iter=31 matches=95328 match_rmse=110.66982994 profile_score=0.02016666 score_variation=3.44884254% transform_step=1.43629561% delta_theta_deg=-0.79930362 delta_t=(-85.51073704, 60.02985657)
  profile_metrics: centroid_target=(4860.49522574, 5000.24865258) centroid_source=(4947.28058636, 4417.33530014) centroid_distance=589.33833684 rmse_s2t=145.20592141 rmse_t2s=130.11078941 chamfer_rmse=137.86511004 median=44.10835354 p95=316.48890290 max=766.17634348 coverage=96.45750000%
iter=32 matches=95969 match_rmse=99.04012787 profile_score=0.01943823 score_variation=3.61205594% transform_step=1.47840013% delta_theta_deg=-0.81567578 delta_t=(-87.86075615, 63.51104777)
  profile_metrics: centroid_target=(4860.49522574, 5000.24865258) centroid_source=(4921.80257409, 4409.97048870) centroid_distance=593.45336946 rmse_s2t=130.61622091 rmse_t2s=122.31722538 chamfer_rmse=126.53477939 median=33.54764980 p95=290.61970225 max=725.48100982 coverage=96.70750000%
iter=33 matches=96451 match_rmse=85.27271987 profile_score=0.01894218 score_variation=2.55196236% transform_step=1.26135926% delta_theta_deg=-0.69538732 delta_t=(-74.23407337, 55.29207601)
  profile_metrics: centroid_target=(4860.49522574, 5000.24865258) centroid_source=(4900.72761855, 4405.20431115) centroid_distance=596.40289545 rmse_s2t=120.39604807 rmse_t2s=117.14592089 chamfer_rmse=118.78210129 median=22.98954906 p95=277.23635233 max=692.91156598 coverage=96.77000000%
iter=34 matches=96713 match_rmse=74.42947068 profile_score=0.01871677 score_variation=1.18996704% transform_step=0.89567112% delta_theta_deg=-0.49813178 delta_t=(-51.58317838, 39.86259733)
  profile_metrics: centroid_target=(4860.49522574, 5000.24865258) centroid_source=(4887.25776572, 4402.29383955) centroid_distance=598.55341615 rmse_s2t=115.29572510 rmse_t2s=114.81728512 chamfer_rmse=115.05675380 median=15.27763957 p95=272.21514804 max=672.57439827 coverage=96.83750000%
iter=35 matches=96833 match_rmse=68.74004245 profile_score=0.01862267 score_variation=0.50274508% transform_step=0.61820466% delta_theta_deg=-0.34763830 delta_t=(-34.56786151, 28.06170789)
  profile_metrics: centroid_target=(4860.49522574, 5000.24865258) centroid_source=(4879.31040449, 4400.62158801) centroid_distance=599.92218456 rmse_s2t=112.90226959 rmse_t2s=113.86333399 chamfer_rmse=113.38382007 median=10.83049950 p95=268.49759453 max=659.87508624 coverage=96.87000000%
iter=36 matches=96887 match_rmse=65.98515248 profile_score=0.01858006 score_variation=0.22883007% transform_step=0.44322093% delta_theta_deg=-0.25176748 delta_t=(-24.08691961, 20.46889896)
  profile_metrics: centroid_target=(4860.49522574, 5000.24865258) centroid_source=(4874.51340154, 4399.60754462) centroid_distance=600.80466862 rmse_s2t=111.68454944 rmse_t2s=113.42977003 chamfer_rmse=112.56054218 median=8.38119821 p95=267.56680968 max=651.41209847 coverage=96.89250000%
iter=37 matches=96923 match_rmse=64.67611742 profile_score=0.01855532 score_variation=0.13317080% transform_step=0.33681799% delta_theta_deg=-0.19269846 delta_t=(-17.79992022, 15.87657338)
  profile_metrics: centroid_target=(4860.49522574, 5000.24865258) centroid_source=(4871.48274451, 4399.06519272) centroid_distance=601.28385808 rmse_s2t=110.98139638 rmse_t2s=113.18937598 chamfer_rmse=112.09082295 median=7.11031095 p95=267.90386520 max=645.20987953 coverage=96.90500000%
iter=38 matches=96947 match_rmse=63.97087231 profile_score=0.01853813 score_variation=0.09263431% transform_step=0.26591929% delta_theta_deg=-0.15299182 delta_t=(-13.68698144, 12.77920343)
  profile_metrics: centroid_target=(4860.49522574, 5000.24865258) centroid_source=(4869.52481451, 4398.82084206) centroid_distance=601.49558997 rmse_s2t=110.52983248 rmse_t2s=113.04562664 chamfer_rmse=111.79480661 median=6.30541882 p95=266.77376724 max=640.39925176 coverage=96.92500000%
iter=39 matches=96969 match_rmse=63.62500351 profile_score=0.01852406 score_variation=0.07589251% transform_step=0.22102536% delta_theta_deg=-0.12734546 delta_t=(-11.20049532, 10.77447291)
  profile_metrics: centroid_target=(4860.49522574, 5000.24865258) centroid_source=(4868.08909179, 4398.76146523) centroid_distance=601.53512229 rmse_s2t=110.20772066 rmse_t2s=112.94737693 chamfer_rmse=111.58595711 median=5.85527566 p95=266.50350076 max=636.42272420 coverage=96.93250000%
iter=40 matches=96986 match_rmse=63.41579803 profile_score=0.01851243 score_variation=0.06278471% transform_step=0.18436780% delta_theta_deg=-0.10641502 delta_t=(-9.20625468, 9.09403611)
  profile_metrics: centroid_target=(4860.49522574, 5000.24865258) centroid_source=(4867.04422291, 4398.80645419) centroid_distance=601.47785277 rmse_s2t=109.97132715 rmse_t2s=112.88127015 chamfer_rmse=111.43579754 median=5.58742764 p95=266.15722563 max=633.12248299 coverage=96.93250000%
iter=41 matches=96995 match_rmse=63.22813375 profile_score=0.01850231 score_variation=0.05462944% transform_step=0.15752354% delta_theta_deg=-0.09116669 delta_t=(-7.72337572, 7.86906259)
  profile_metrics: centroid_target=(4860.49522574, 5000.24865258) centroid_source=(4866.31388342, 4398.92571055) centroid_distance=601.35109328 rmse_s2t=109.79031513 rmse_t2s=112.83775773 chamfer_rmse=111.32446467 median=5.41850103 p95=265.85754826 max=630.30266480 coverage=96.94000000%
iter=42 matches=96997 match_rmse=63.02645604 profile_score=0.01849427 score_variation=0.04349265% transform_step=0.13811013% delta_theta_deg=-0.08015711 delta_t=(-6.69276260, 6.93701985)
  profile_metrics: centroid_target=(4860.49522574, 5000.24865258) centroid_source=(4865.77047804, 4399.05042773) centroid_distance=601.22136843 rmse_s2t=109.64696076 rmse_t2s=112.81664348 chamfer_rmse=111.24309203 median=5.39168201 p95=265.68731869 max=627.86379143 coverage=96.93750000%
iter=43 matches=97008 match_rmse=63.00479399 profile_score=0.01848791 score_variation=0.03437838% transform_step=0.11988334% delta_theta_deg=-0.06961644 delta_t=(-5.78327053, 6.04024465)
  profile_metrics: centroid_target=(4860.49522574, 5000.24865258) centroid_source=(4865.32861920, 4399.17534027) centroid_distance=601.09274531 rmse_s2t=109.53494787 rmse_t2s=112.81157374 chamfer_rmse=111.18533171 median=5.37786359 p95=265.53676577 max=625.76821220 coverage=96.92250000%
iter=44 matches=97009 match_rmse=62.88593582 profile_score=0.01848259 score_variation=0.02878487% transform_step=0.10333518% delta_theta_deg=-0.06013277 delta_t=(-4.92798525, 5.23914188)
  profile_metrics: centroid_target=(4860.49522574, 5000.24865258) centroid_source=(4865.01495348, 4399.30582557) centroid_distance=600.95982335 rmse_s2t=109.44482916 rmse_t2s=112.81620627 chamfer_rmse=111.14330170 median=5.35978190 p95=265.62312343 max=623.96930927 coverage=96.91750000%
iter=45 matches=97001 match_rmse=62.67258676 profile_score=0.01847919 score_variation=0.01837453% transform_step=0.09067067% delta_theta_deg=-0.05289130 delta_t=(-4.31393154, 4.58480799)
  profile_metrics: centroid_target=(4860.49522574, 5000.24865258) centroid_source=(4864.76006756, 4399.39773186) centroid_distance=600.86605647 rmse_s2t=109.37720710 rmse_t2s=112.83334802 chamfer_rmse=111.11871547 median=5.29395486 p95=265.04221483 max=623.84559634 coverage=96.91250000%
Expected source->target transform: theta=-18.00000 deg, tx=-1757.14529, ty=2390.34723
Recovered source->target transform: theta=-18.00595 deg, tx=-1720.41095, ty=1781.98006
Finished after 45 iterations with profile_score=0.01847919
